// Jest Snapshot v1, https://goo.gl/fbAQLP

exports[`renders card unchanged 1`] = `
<div
  className="bg-gray-50 overflow-hidden dark:bg-gray-950 sm:rounded-lg"
>
  <p
    className="hidden"
  >
    simple test sample!
  </p>
</div>
`;
